Archive member included because of file (symbol)

c:/users/yasmin/desktop/eclipsesdk/sdk_win_64/winavr/bin/../lib/gcc/avr/4.3.3/avr5\libgcc.a(_divmodhi4.o)
                              ./GLCD_Program.o (__divmodhi4)
c:/users/yasmin/desktop/eclipsesdk/sdk_win_64/winavr/bin/../lib/gcc/avr/4.3.3/avr5\libgcc.a(_udivmodsi4.o)
                              ./GLCD_Program.o (__udivmodsi4)
c:/users/yasmin/desktop/eclipsesdk/sdk_win_64/winavr/bin/../lib/gcc/avr/4.3.3/avr5\libgcc.a(_exit.o)
                              c:/users/yasmin/desktop/eclipsesdk/sdk_win_64/winavr/bin/../lib/gcc/avr/4.3.3/../../../../avr/lib/avr5/crtm32.o (exit)
c:/users/yasmin/desktop/eclipsesdk/sdk_win_64/winavr/bin/../lib/gcc/avr/4.3.3/avr5\libgcc.a(_copy_data.o)
                              ./GLCD_Program.o (__do_copy_data)
c:/users/yasmin/desktop/eclipsesdk/sdk_win_64/winavr/bin/../lib/gcc/avr/4.3.3/avr5\libgcc.a(_clear_bss.o)
                              ./GLCD_Program.o (__do_clear_bss)
c:/users/yasmin/desktop/eclipsesdk/sdk_win_64/winavr/bin/../lib/gcc/avr/4.3.3/avr5\libgcc.a(_fixunssfsi.o)
                              ./GLCD_Program.o (__fixunssfsi)
c:/users/yasmin/desktop/eclipsesdk/sdk_win_64/winavr/bin/../lib/gcc/avr/4.3.3/avr5\libgcc.a(_addsub_sf.o)
                              ./GLCD_Program.o (__subsf3)
c:/users/yasmin/desktop/eclipsesdk/sdk_win_64/winavr/bin/../lib/gcc/avr/4.3.3/avr5\libgcc.a(_mul_sf.o)
                              ./GLCD_Program.o (__mulsf3)
c:/users/yasmin/desktop/eclipsesdk/sdk_win_64/winavr/bin/../lib/gcc/avr/4.3.3/avr5\libgcc.a(_div_sf.o)
                              ./GLCD_Program.o (__divsf3)
c:/users/yasmin/desktop/eclipsesdk/sdk_win_64/winavr/bin/../lib/gcc/avr/4.3.3/avr5\libgcc.a(_ne_sf.o)
                              ./GLCD_Program.o (__nesf2)
c:/users/yasmin/desktop/eclipsesdk/sdk_win_64/winavr/bin/../lib/gcc/avr/4.3.3/avr5\libgcc.a(_gt_sf.o)
                              ./GLCD_Program.o (__gtsf2)
c:/users/yasmin/desktop/eclipsesdk/sdk_win_64/winavr/bin/../lib/gcc/avr/4.3.3/avr5\libgcc.a(_ge_sf.o)
                              c:/users/yasmin/desktop/eclipsesdk/sdk_win_64/winavr/bin/../lib/gcc/avr/4.3.3/avr5\libgcc.a(_fixunssfsi.o) (__gesf2)
c:/users/yasmin/desktop/eclipsesdk/sdk_win_64/winavr/bin/../lib/gcc/avr/4.3.3/avr5\libgcc.a(_lt_sf.o)
                              ./GLCD_Program.o (__ltsf2)
c:/users/yasmin/desktop/eclipsesdk/sdk_win_64/winavr/bin/../lib/gcc/avr/4.3.3/avr5\libgcc.a(_si_to_sf.o)
                              ./GLCD_Program.o (__floatsisf)
c:/users/yasmin/desktop/eclipsesdk/sdk_win_64/winavr/bin/../lib/gcc/avr/4.3.3/avr5\libgcc.a(_sf_to_si.o)
                              c:/users/yasmin/desktop/eclipsesdk/sdk_win_64/winavr/bin/../lib/gcc/avr/4.3.3/avr5\libgcc.a(_fixunssfsi.o) (__fixsfsi)
c:/users/yasmin/desktop/eclipsesdk/sdk_win_64/winavr/bin/../lib/gcc/avr/4.3.3/avr5\libgcc.a(_thenan_sf.o)
                              c:/users/yasmin/desktop/eclipsesdk/sdk_win_64/winavr/bin/../lib/gcc/avr/4.3.3/avr5\libgcc.a(_addsub_sf.o) (__thenan_sf)
c:/users/yasmin/desktop/eclipsesdk/sdk_win_64/winavr/bin/../lib/gcc/avr/4.3.3/avr5\libgcc.a(_usi_to_sf.o)
                              ./GLCD_Program.o (__floatunsisf)
c:/users/yasmin/desktop/eclipsesdk/sdk_win_64/winavr/bin/../lib/gcc/avr/4.3.3/avr5\libgcc.a(_udivmodhi4.o)
                              c:/users/yasmin/desktop/eclipsesdk/sdk_win_64/winavr/bin/../lib/gcc/avr/4.3.3/avr5\libgcc.a(_divmodhi4.o) (__udivmodhi4)
c:/users/yasmin/desktop/eclipsesdk/sdk_win_64/winavr/bin/../lib/gcc/avr/4.3.3/avr5\libgcc.a(_prologue.o)
                              c:/users/yasmin/desktop/eclipsesdk/sdk_win_64/winavr/bin/../lib/gcc/avr/4.3.3/avr5\libgcc.a(_addsub_sf.o) (__prologue_saves__)
c:/users/yasmin/desktop/eclipsesdk/sdk_win_64/winavr/bin/../lib/gcc/avr/4.3.3/avr5\libgcc.a(_epilogue.o)
                              c:/users/yasmin/desktop/eclipsesdk/sdk_win_64/winavr/bin/../lib/gcc/avr/4.3.3/avr5\libgcc.a(_addsub_sf.o) (__epilogue_restores__)
c:/users/yasmin/desktop/eclipsesdk/sdk_win_64/winavr/bin/../lib/gcc/avr/4.3.3/avr5\libgcc.a(_clzsi2.o)
                              c:/users/yasmin/desktop/eclipsesdk/sdk_win_64/winavr/bin/../lib/gcc/avr/4.3.3/avr5\libgcc.a(_si_to_sf.o) (__clzsi2)
c:/users/yasmin/desktop/eclipsesdk/sdk_win_64/winavr/bin/../lib/gcc/avr/4.3.3/avr5\libgcc.a(_pack_sf.o)
                              c:/users/yasmin/desktop/eclipsesdk/sdk_win_64/winavr/bin/../lib/gcc/avr/4.3.3/avr5\libgcc.a(_addsub_sf.o) (__pack_f)
c:/users/yasmin/desktop/eclipsesdk/sdk_win_64/winavr/bin/../lib/gcc/avr/4.3.3/avr5\libgcc.a(_unpack_sf.o)
                              c:/users/yasmin/desktop/eclipsesdk/sdk_win_64/winavr/bin/../lib/gcc/avr/4.3.3/avr5\libgcc.a(_addsub_sf.o) (__unpack_f)
c:/users/yasmin/desktop/eclipsesdk/sdk_win_64/winavr/bin/../lib/gcc/avr/4.3.3/avr5\libgcc.a(_fpcmp_parts_sf.o)
                              c:/users/yasmin/desktop/eclipsesdk/sdk_win_64/winavr/bin/../lib/gcc/avr/4.3.3/avr5\libgcc.a(_ne_sf.o) (__fpcmp_parts_f)
c:/users/yasmin/desktop/eclipsesdk/sdk_win_64/winavr/bin/../lib/gcc/avr/4.3.3/avr5\libgcc.a(_clz.o)
                              c:/users/yasmin/desktop/eclipsesdk/sdk_win_64/winavr/bin/../lib/gcc/avr/4.3.3/avr5\libgcc.a(_clzsi2.o) (__clz_tab)
c:/users/yasmin/desktop/eclipsesdk/sdk_win_64/winavr/bin/../lib/gcc/avr/4.3.3/../../../../avr/lib/avr5\libc.a(round.o)
                              ./GLCD_Program.o (round)
c:/users/yasmin/desktop/eclipsesdk/sdk_win_64/winavr/bin/../lib/gcc/avr/4.3.3/../../../../avr/lib/avr5\libc.a(fp_mintl.o)
                              c:/users/yasmin/desktop/eclipsesdk/sdk_win_64/winavr/bin/../lib/gcc/avr/4.3.3/../../../../avr/lib/avr5\libc.a(round.o) (__fp_mintl)
c:/users/yasmin/desktop/eclipsesdk/sdk_win_64/winavr/bin/../lib/gcc/avr/4.3.3/../../../../avr/lib/avr5\libc.a(fp_mpack.o)
                              c:/users/yasmin/desktop/eclipsesdk/sdk_win_64/winavr/bin/../lib/gcc/avr/4.3.3/../../../../avr/lib/avr5\libc.a(round.o) (__fp_mpack)
c:/users/yasmin/desktop/eclipsesdk/sdk_win_64/winavr/bin/../lib/gcc/avr/4.3.3/../../../../avr/lib/avr5\libc.a(fp_split3.o)
                              c:/users/yasmin/desktop/eclipsesdk/sdk_win_64/winavr/bin/../lib/gcc/avr/4.3.3/../../../../avr/lib/avr5\libc.a(round.o) (__fp_splitA)
c:/users/yasmin/desktop/eclipsesdk/sdk_win_64/winavr/bin/../lib/gcc/avr/4.3.3/../../../../avr/lib/avr5\libc.a(fp_zero.o)
                              c:/users/yasmin/desktop/eclipsesdk/sdk_win_64/winavr/bin/../lib/gcc/avr/4.3.3/../../../../avr/lib/avr5\libc.a(round.o) (__fp_szero)

Allocating common symbols
Common symbol       size              file

T2                  0x4               ./main.o
ptr_Global_Timer2_CTC
                    0x2               ./TIMER_Program.o
ptr_Global_Timer1_CTC_Channel_A
                    0x2               ./TIMER_Program.o
ptr_Global_Timer0_Over_Flow
                    0x2               ./TIMER_Program.o
T3                  0x4               ./main.o
ptr_Global_Timer2_Over_Flow
                    0x2               ./TIMER_Program.o
ptr_Global_Timer1_ICU
                    0x2               ./TIMER_Program.o
T1                  0x4               ./main.o
ptr_Global_Timer1_CTC_Channel_B
                    0x2               ./TIMER_Program.o
ptr_Global_Timer1_Over_Flow
                    0x2               ./TIMER_Program.o
ptr_Global_Timer0_CTC
                    0x2               ./TIMER_Program.o

Memory Configuration

Name             Origin             Length             Attributes
text             0x00000000         0x00020000         xr
data             0x00800060         0x0000ffa0         rw !x
eeprom           0x00810000         0x00010000         rw !x
fuse             0x00820000         0x00000400         rw !x
lock             0x00830000         0x00000400         rw !x
signature        0x00840000         0x00000400         rw !x
*default*        0x00000000         0xffffffff

Linker script and memory map

LOAD c:/users/yasmin/desktop/eclipsesdk/sdk_win_64/winavr/bin/../lib/gcc/avr/4.3.3/../../../../avr/lib/avr5/crtm32.o
LOAD ./DIO_Program.o
LOAD ./GIE_Program.o
LOAD ./GLCD_Program.o
LOAD ./TIMER_Program.o
LOAD ./main.o
LOAD c:/users/yasmin/desktop/eclipsesdk/sdk_win_64/winavr/bin/../lib/gcc/avr/4.3.3/avr5\libgcc.a
LOAD c:/users/yasmin/desktop/eclipsesdk/sdk_win_64/winavr/bin/../lib/gcc/avr/4.3.3/../../../../avr/lib/avr5\libc.a
LOAD c:/users/yasmin/desktop/eclipsesdk/sdk_win_64/winavr/bin/../lib/gcc/avr/4.3.3/avr5\libgcc.a

.hash
 *(.hash)

.dynsym
 *(.dynsym)

.dynstr
 *(.dynstr)

.gnu.version
 *(.gnu.version)

.gnu.version_d
 *(.gnu.version_d)

.gnu.version_r
 *(.gnu.version_r)

.rel.init
 *(.rel.init)

.rela.init
 *(.rela.init)

.rel.text
 *(.rel.text)
 *(.rel.text.*)
 *(.rel.gnu.linkonce.t*)

.rela.text
 *(.rela.text)
 *(.rela.text.*)
 *(.rela.gnu.linkonce.t*)

.rel.fini
 *(.rel.fini)

.rela.fini
 *(.rela.fini)

.rel.rodata
 *(.rel.rodata)
 *(.rel.rodata.*)
 *(.rel.gnu.linkonce.r*)

.rela.rodata
 *(.rela.rodata)
 *(.rela.rodata.*)
 *(.rela.gnu.linkonce.r*)

.rel.data
 *(.rel.data)
 *(.rel.data.*)
 *(.rel.gnu.linkonce.d*)

.rela.data
 *(.rela.data)
 *(.rela.data.*)
 *(.rela.gnu.linkonce.d*)

.rel.ctors
 *(.rel.ctors)

.rela.ctors
 *(.rela.ctors)

.rel.dtors
 *(.rel.dtors)

.rela.dtors
 *(.rela.dtors)

.rel.got
 *(.rel.got)

.rela.got
 *(.rela.got)

.rel.bss
 *(.rel.bss)

.rela.bss
 *(.rela.bss)

.rel.plt
 *(.rel.plt)

.rela.plt
 *(.rela.plt)

.text           0x00000000     0x37fe
 *(.vectors)
 .vectors       0x00000000       0x54 c:/users/yasmin/desktop/eclipsesdk/sdk_win_64/winavr/bin/../lib/gcc/avr/4.3.3/../../../../avr/lib/avr5/crtm32.o
                0x00000000                __vectors
                0x00000000                __vector_default
 *(.vectors)
 *(.progmem.gcc*)
 *(.progmem*)
                0x00000054                . = ALIGN (0x2)
                0x00000054                __trampolines_start = .
 *(.trampolines)
 .trampolines   0x00000054        0x0 linker stubs
 *(.trampolines*)
                0x00000054                __trampolines_end = .
 *(.jumptables)
 *(.jumptables*)
 *(.lowtext)
 *(.lowtext*)
                0x00000054                __ctors_start = .
 *(.ctors)
                0x00000054                __ctors_end = .
                0x00000054                __dtors_start = .
 *(.dtors)
                0x00000054                __dtors_end = .
 SORT(*)(.ctors)
 SORT(*)(.dtors)
 *(.init0)
 .init0         0x00000054        0x0 c:/users/yasmin/desktop/eclipsesdk/sdk_win_64/winavr/bin/../lib/gcc/avr/4.3.3/../../../../avr/lib/avr5/crtm32.o
                0x00000054                __init
 *(.init0)
 *(.init1)
 *(.init1)
 *(.init2)
 .init2         0x00000054        0xc c:/users/yasmin/desktop/eclipsesdk/sdk_win_64/winavr/bin/../lib/gcc/avr/4.3.3/../../../../avr/lib/avr5/crtm32.o
 *(.init2)
 *(.init3)
 *(.init3)
 *(.init4)
 .init4         0x00000060       0x16 c:/users/yasmin/desktop/eclipsesdk/sdk_win_64/winavr/bin/../lib/gcc/avr/4.3.3/avr5\libgcc.a(_copy_data.o)
                0x00000060                __do_copy_data
 .init4         0x00000076       0x10 c:/users/yasmin/desktop/eclipsesdk/sdk_win_64/winavr/bin/../lib/gcc/avr/4.3.3/avr5\libgcc.a(_clear_bss.o)
                0x00000076                __do_clear_bss
 *(.init4)
 *(.init5)
 *(.init5)
 *(.init6)
 *(.init6)
 *(.init7)
 *(.init7)
 *(.init8)
 *(.init8)
 *(.init9)
 .init9         0x00000086        0x8 c:/users/yasmin/desktop/eclipsesdk/sdk_win_64/winavr/bin/../lib/gcc/avr/4.3.3/../../../../avr/lib/avr5/crtm32.o
 *(.init9)
 *(.text)
 .text          0x0000008e        0x4 c:/users/yasmin/desktop/eclipsesdk/sdk_win_64/winavr/bin/../lib/gcc/avr/4.3.3/../../../../avr/lib/avr5/crtm32.o
                0x0000008e                __vector_1
                0x0000008e                __vector_12
                0x0000008e                __bad_interrupt
                0x0000008e                __vector_3
                0x0000008e                __vector_13
                0x0000008e                __vector_17
                0x0000008e                __vector_19
                0x0000008e                __vector_2
                0x0000008e                __vector_15
                0x0000008e                __vector_14
                0x0000008e                __vector_16
                0x0000008e                __vector_18
                0x0000008e                __vector_20
 .text          0x00000092        0x0 ./DIO_Program.o
 .text          0x00000092        0x0 ./GIE_Program.o
 .text          0x00000092        0x0 ./GLCD_Program.o
 .text          0x00000092        0x0 ./TIMER_Program.o
 .text          0x00000092        0x0 ./main.o
 .text          0x00000092        0x0 c:/users/yasmin/desktop/eclipsesdk/sdk_win_64/winavr/bin/../lib/gcc/avr/4.3.3/avr5\libgcc.a(_divmodhi4.o)
 .text          0x00000092        0x0 c:/users/yasmin/desktop/eclipsesdk/sdk_win_64/winavr/bin/../lib/gcc/avr/4.3.3/avr5\libgcc.a(_udivmodsi4.o)
 .text          0x00000092        0x0 c:/users/yasmin/desktop/eclipsesdk/sdk_win_64/winavr/bin/../lib/gcc/avr/4.3.3/avr5\libgcc.a(_exit.o)
 .text          0x00000092        0x0 c:/users/yasmin/desktop/eclipsesdk/sdk_win_64/winavr/bin/../lib/gcc/avr/4.3.3/avr5\libgcc.a(_copy_data.o)
 .text          0x00000092        0x0 c:/users/yasmin/desktop/eclipsesdk/sdk_win_64/winavr/bin/../lib/gcc/avr/4.3.3/avr5\libgcc.a(_clear_bss.o)
 .text          0x00000092       0x58 c:/users/yasmin/desktop/eclipsesdk/sdk_win_64/winavr/bin/../lib/gcc/avr/4.3.3/avr5\libgcc.a(_fixunssfsi.o)
                0x00000092                __fixunssfsi
 .text          0x000000ea      0x354 c:/users/yasmin/desktop/eclipsesdk/sdk_win_64/winavr/bin/../lib/gcc/avr/4.3.3/avr5\libgcc.a(_addsub_sf.o)
                0x00000382                __subsf3
                0x000003e4                __addsf3
 .text          0x0000043e      0x1f4 c:/users/yasmin/desktop/eclipsesdk/sdk_win_64/winavr/bin/../lib/gcc/avr/4.3.3/avr5\libgcc.a(_mul_sf.o)
                0x0000043e                __mulsf3
 .text          0x00000632      0x158 c:/users/yasmin/desktop/eclipsesdk/sdk_win_64/winavr/bin/../lib/gcc/avr/4.3.3/avr5\libgcc.a(_div_sf.o)
                0x00000632                __divsf3
 .text          0x0000078a       0x60 c:/users/yasmin/desktop/eclipsesdk/sdk_win_64/winavr/bin/../lib/gcc/avr/4.3.3/avr5\libgcc.a(_ne_sf.o)
                0x0000078a                __nesf2
 .text          0x000007ea       0x60 c:/users/yasmin/desktop/eclipsesdk/sdk_win_64/winavr/bin/../lib/gcc/avr/4.3.3/avr5\libgcc.a(_gt_sf.o)
                0x000007ea                __gtsf2
 .text          0x0000084a       0x60 c:/users/yasmin/desktop/eclipsesdk/sdk_win_64/winavr/bin/../lib/gcc/avr/4.3.3/avr5\libgcc.a(_ge_sf.o)
                0x0000084a                __gesf2
 .text          0x000008aa       0x60 c:/users/yasmin/desktop/eclipsesdk/sdk_win_64/winavr/bin/../lib/gcc/avr/4.3.3/avr5\libgcc.a(_lt_sf.o)
                0x000008aa                __ltsf2
 .text          0x0000090a       0xbc c:/users/yasmin/desktop/eclipsesdk/sdk_win_64/winavr/bin/../lib/gcc/avr/4.3.3/avr5\libgcc.a(_si_to_sf.o)
                0x0000090a                __floatsisf
 .text          0x000009c6       0xa8 c:/users/yasmin/desktop/eclipsesdk/sdk_win_64/winavr/bin/../lib/gcc/avr/4.3.3/avr5\libgcc.a(_sf_to_si.o)
                0x000009c6                __fixsfsi
 .text          0x00000a6e        0x0 c:/users/yasmin/desktop/eclipsesdk/sdk_win_64/winavr/bin/../lib/gcc/avr/4.3.3/avr5\libgcc.a(_thenan_sf.o)
 .text          0x00000a6e       0xf2 c:/users/yasmin/desktop/eclipsesdk/sdk_win_64/winavr/bin/../lib/gcc/avr/4.3.3/avr5\libgcc.a(_usi_to_sf.o)
                0x00000a6e                __floatunsisf
 .text          0x00000b60        0x0 c:/users/yasmin/desktop/eclipsesdk/sdk_win_64/winavr/bin/../lib/gcc/avr/4.3.3/avr5\libgcc.a(_udivmodhi4.o)
 .text          0x00000b60        0x0 c:/users/yasmin/desktop/eclipsesdk/sdk_win_64/winavr/bin/../lib/gcc/avr/4.3.3/avr5\libgcc.a(_prologue.o)
 .text          0x00000b60        0x0 c:/users/yasmin/desktop/eclipsesdk/sdk_win_64/winavr/bin/../lib/gcc/avr/4.3.3/avr5\libgcc.a(_epilogue.o)
 .text          0x00000b60       0x9e c:/users/yasmin/desktop/eclipsesdk/sdk_win_64/winavr/bin/../lib/gcc/avr/4.3.3/avr5\libgcc.a(_clzsi2.o)
                0x00000b60                __clzsi2
 .text          0x00000bfe      0x1aa c:/users/yasmin/desktop/eclipsesdk/sdk_win_64/winavr/bin/../lib/gcc/avr/4.3.3/avr5\libgcc.a(_pack_sf.o)
                0x00000bfe                __pack_f
 .text          0x00000da8       0xf0 c:/users/yasmin/desktop/eclipsesdk/sdk_win_64/winavr/bin/../lib/gcc/avr/4.3.3/avr5\libgcc.a(_unpack_sf.o)
                0x00000da8                __unpack_f
 .text          0x00000e98       0xb2 c:/users/yasmin/desktop/eclipsesdk/sdk_win_64/winavr/bin/../lib/gcc/avr/4.3.3/avr5\libgcc.a(_fpcmp_parts_sf.o)
                0x00000e98                __fpcmp_parts_f
 .text          0x00000f4a        0x0 c:/users/yasmin/desktop/eclipsesdk/sdk_win_64/winavr/bin/../lib/gcc/avr/4.3.3/avr5\libgcc.a(_clz.o)
 .text          0x00000f4a        0x0 c:/users/yasmin/desktop/eclipsesdk/sdk_win_64/winavr/bin/../lib/gcc/avr/4.3.3/../../../../avr/lib/avr5\libc.a(round.o)
 .text          0x00000f4a        0x0 c:/users/yasmin/desktop/eclipsesdk/sdk_win_64/winavr/bin/../lib/gcc/avr/4.3.3/../../../../avr/lib/avr5\libc.a(fp_mintl.o)
 .text          0x00000f4a        0x0 c:/users/yasmin/desktop/eclipsesdk/sdk_win_64/winavr/bin/../lib/gcc/avr/4.3.3/../../../../avr/lib/avr5\libc.a(fp_mpack.o)
 .text          0x00000f4a        0x0 c:/users/yasmin/desktop/eclipsesdk/sdk_win_64/winavr/bin/../lib/gcc/avr/4.3.3/../../../../avr/lib/avr5\libc.a(fp_split3.o)
 .text          0x00000f4a        0x0 c:/users/yasmin/desktop/eclipsesdk/sdk_win_64/winavr/bin/../lib/gcc/avr/4.3.3/../../../../avr/lib/avr5\libc.a(fp_zero.o)
                0x00000f4a                . = ALIGN (0x2)
 *(.text.*)
 .text.DIO_VidSetPinDirection
                0x00000f4a      0x1e4 ./DIO_Program.o
                0x00000f4a                DIO_VidSetPinDirection
 .text.DIO_VidSetPinValue
                0x0000112e      0x1e4 ./DIO_Program.o
                0x0000112e                DIO_VidSetPinValue
 .text.DIO_u8GetPinValue
                0x00001312       0xf4 ./DIO_Program.o
                0x00001312                DIO_u8GetPinValue
 .text.DIO_VidSetPortDirection
                0x00001406       0x82 ./DIO_Program.o
                0x00001406                DIO_VidSetPortDirection
 .text.DIO_VidSetPortValue
                0x00001488       0x82 ./DIO_Program.o
                0x00001488                DIO_VidSetPortValue
 .text.DIO_VidSet4MSBDirection
                0x0000150a      0x124 ./DIO_Program.o
                0x0000150a                DIO_VidSet4MSBDirection
 .text.DIO_VidSet4LSBDirection
                0x0000162e       0xda ./DIO_Program.o
                0x0000162e                DIO_VidSet4LSBDirection
 .text.DIO_VidSet4MSBValue
                0x00001708      0x124 ./DIO_Program.o
                0x00001708                DIO_VidSet4MSBValue
 .text.DIO_VidSetLSBValue
                0x0000182c       0xda ./DIO_Program.o
                0x0000182c                DIO_VidSetLSBValue
 .text.GIE_VidEnable
                0x00001906       0x1c ./GIE_Program.o
                0x00001906                GIE_VidEnable
 .text.GIE_VidDisable
                0x00001922       0x1c ./GIE_Program.o
                0x00001922                GIE_VidDisable
 .text.GLCD_VidSendCommand
                0x0000193e      0x1d4 ./GLCD_Program.o
                0x0000193e                GLCD_VidSendCommand
 .text.GLCD_VidInit
                0x00001b12      0x146 ./GLCD_Program.o
                0x00001b12                GLCD_VidInit
 .text.GLCD_VidSendData
                0x00001c58      0x1d4 ./GLCD_Program.o
                0x00001c58                GLCD_VidSendData
 .text.GLCD_VidClear
                0x00001e2c       0x62 ./GLCD_Program.o
                0x00001e2c                GLCD_VidClear
 .text.GLCD_VidSetPosition
                0x00001e8e       0x78 ./GLCD_Program.o
                0x00001e8e                GLCD_VidSetPosition
 .text.GLCD_VidSendString
                0x00001f06      0x224 ./GLCD_Program.o
                0x00001f06                GLCD_VidSendString
 .text.GLCD_VidSendingNumber
                0x0000212a       0x86 ./GLCD_Program.o
                0x0000212a                GLCD_VidSendingNumber
 .text.GLCD_VidSendNumber
                0x000021b0      0x47a ./GLCD_Program.o
                0x000021b0                GLCD_VidSendNumber
 .text.GLCD_VidDrawPWM
                0x0000262a      0x290 ./GLCD_Program.o
                0x0000262a                GLCD_VidDrawPWM
 .text.TIMER0_VidInit
                0x000028ba       0x54 ./TIMER_Program.o
                0x000028ba                TIMER0_VidInit
 .text.TIMER0_VidSetPreload
                0x0000290e       0x1c ./TIMER_Program.o
                0x0000290e                TIMER0_VidSetPreload
 .text.TIMER0_VidSetCTCValue
                0x0000292a       0x1e ./TIMER_Program.o
                0x0000292a                TIMER0_VidSetCTCValue
 .text.CallBack_TIMER0_CTC
                0x00002948       0x24 ./TIMER_Program.o
                0x00002948                CallBack_TIMER0_CTC
 .text.__vector_10
                0x0000296c       0x5a ./TIMER_Program.o
                0x0000296c                __vector_10
 .text.CallBack_TIMER0_OVER_FLOW
                0x000029c6       0x24 ./TIMER_Program.o
                0x000029c6                CallBack_TIMER0_OVER_FLOW
 .text.__vector_11
                0x000029ea       0x5a ./TIMER_Program.o
                0x000029ea                __vector_11
 .text.TIMER1_VidInit
                0x00002a44       0x70 ./TIMER_Program.o
                0x00002a44                TIMER1_VidInit
 .text.TIMER1_VidSetPreload
                0x00002ab4       0x24 ./TIMER_Program.o
                0x00002ab4                TIMER1_VidSetPreload
 .text.TIMER1_VidSetCTCValue
                0x00002ad8       0x26 ./TIMER_Program.o
                0x00002ad8                TIMER1_VidSetCTCValue
 .text.TIMER1_VidSetTopValue
                0x00002afe       0x18 ./TIMER_Program.o
                0x00002afe                TIMER1_VidSetTopValue
 .text.TIMER1_VidICUEnable
                0x00002b16       0x4c ./TIMER_Program.o
                0x00002b16                TIMER1_VidICUEnable
 .text.TIMER1_u16_READ_COUNT
                0x00002b62       0x16 ./TIMER_Program.o
                0x00002b62                TIMER1_u16_READ_COUNT
 .text.CallBack_TIMER1_ICU
                0x00002b78       0x24 ./TIMER_Program.o
                0x00002b78                CallBack_TIMER1_ICU
 .text.__vector_6
                0x00002b9c       0x5a ./TIMER_Program.o
                0x00002b9c                __vector_6
 .text.CallBack_TIMER1_CTC_Channel_A
                0x00002bf6       0x24 ./TIMER_Program.o
                0x00002bf6                CallBack_TIMER1_CTC_Channel_A
 .text.__vector_7
                0x00002c1a       0x5a ./TIMER_Program.o
                0x00002c1a                __vector_7
 .text.CallBack_TIMER1_CTC_Channel_B
                0x00002c74       0x24 ./TIMER_Program.o
                0x00002c74                CallBack_TIMER1_CTC_Channel_B
 .text.__vector_8
                0x00002c98       0x5a ./TIMER_Program.o
                0x00002c98                __vector_8
 .text.CallBack_TIMER1_OVER_FLOW
                0x00002cf2       0x24 ./TIMER_Program.o
                0x00002cf2                CallBack_TIMER1_OVER_FLOW
 .text.__vector_9
                0x00002d16       0x5a ./TIMER_Program.o
                0x00002d16                __vector_9
 .text.TIMER2_VidInit
                0x00002d70       0x62 ./TIMER_Program.o
                0x00002d70                TIMER2_VidInit
 .text.TIMER2_VidSetPreload
                0x00002dd2       0x1c ./TIMER_Program.o
                0x00002dd2                TIMER2_VidSetPreload
 .text.TIMER2_VidSetCTCValue
                0x00002dee       0x1e ./TIMER_Program.o
                0x00002dee                TIMER2_VidSetCTCValue
 .text.CallBack_TIMER2_CTC
                0x00002e0c       0x24 ./TIMER_Program.o
                0x00002e0c                CallBack_TIMER2_CTC
 .text.__vector_4
                0x00002e30       0x5a ./TIMER_Program.o
                0x00002e30                __vector_4
 .text.CallBack_TIMER2_OVER_FLOW
                0x00002e8a       0x24 ./TIMER_Program.o
                0x00002e8a                CallBack_TIMER2_OVER_FLOW
 .text.__vector_5
                0x00002eae       0x5a ./TIMER_Program.o
                0x00002eae                __vector_5
 .text.main     0x00002f08      0x612 ./main.o
                0x00002f08                main
 .text.Vid_Drawer
                0x0000351a       0xe4 ./main.o
                0x0000351a                Vid_Drawer
 .text.Vid_TIMER1_COUNT
                0x000035fe       0x18 ./main.o
                0x000035fe                Vid_TIMER1_COUNT
 .text.libgcc   0x00003616       0x26 c:/users/yasmin/desktop/eclipsesdk/sdk_win_64/winavr/bin/../lib/gcc/avr/4.3.3/avr5\libgcc.a(_divmodhi4.o)
                0x00003616                __divmodhi4
                0x00003616                _div
 .text.libgcc   0x0000363c       0x44 c:/users/yasmin/desktop/eclipsesdk/sdk_win_64/winavr/bin/../lib/gcc/avr/4.3.3/avr5\libgcc.a(_udivmodsi4.o)
                0x0000363c                __udivmodsi4
 .text.libgcc   0x00003680        0x0 c:/users/yasmin/desktop/eclipsesdk/sdk_win_64/winavr/bin/../lib/gcc/avr/4.3.3/avr5\libgcc.a(_exit.o)
 .text.libgcc   0x00003680        0x0 c:/users/yasmin/desktop/eclipsesdk/sdk_win_64/winavr/bin/../lib/gcc/avr/4.3.3/avr5\libgcc.a(_copy_data.o)
 .text.libgcc   0x00003680        0x0 c:/users/yasmin/desktop/eclipsesdk/sdk_win_64/winavr/bin/../lib/gcc/avr/4.3.3/avr5\libgcc.a(_clear_bss.o)
 .text.libgcc   0x00003680       0x28 c:/users/yasmin/desktop/eclipsesdk/sdk_win_64/winavr/bin/../lib/gcc/avr/4.3.3/avr5\libgcc.a(_udivmodhi4.o)
                0x00003680                __udivmodhi4
 .text.libgcc   0x000036a8       0x38 c:/users/yasmin/desktop/eclipsesdk/sdk_win_64/winavr/bin/../lib/gcc/avr/4.3.3/avr5\libgcc.a(_prologue.o)
                0x000036a8                __prologue_saves__
 .text.libgcc   0x000036e0       0x36 c:/users/yasmin/desktop/eclipsesdk/sdk_win_64/winavr/bin/../lib/gcc/avr/4.3.3/avr5\libgcc.a(_epilogue.o)
                0x000036e0                __epilogue_restores__
 .text.avr-libc.fplib
                0x00003716       0x40 c:/users/yasmin/desktop/eclipsesdk/sdk_win_64/winavr/bin/../lib/gcc/avr/4.3.3/../../../../avr/lib/avr5\libc.a(round.o)
                0x00003716                round
 .text.avr-libc.fplib
                0x00003756       0x36 c:/users/yasmin/desktop/eclipsesdk/sdk_win_64/winavr/bin/../lib/gcc/avr/4.3.3/../../../../avr/lib/avr5\libc.a(fp_mintl.o)
                0x00003756                __fp_mintl
 .text.avr-libc.fplib
                0x0000378c       0x1c c:/users/yasmin/desktop/eclipsesdk/sdk_win_64/winavr/bin/../lib/gcc/avr/4.3.3/../../../../avr/lib/avr5\libc.a(fp_mpack.o)
                0x00003790                __fp_mpack_finite
                0x0000378c                __fp_mpack
 .text.avr-libc.fplib
                0x000037a8       0x44 c:/users/yasmin/desktop/eclipsesdk/sdk_win_64/winavr/bin/../lib/gcc/avr/4.3.3/../../../../avr/lib/avr5\libc.a(fp_split3.o)
                0x000037a8                __fp_split3
                0x000037b8                __fp_splitA
 .text.avr-libc.fplib
                0x000037ec        0xe c:/users/yasmin/desktop/eclipsesdk/sdk_win_64/winavr/bin/../lib/gcc/avr/4.3.3/../../../../avr/lib/avr5\libc.a(fp_zero.o)
                0x000037ec                __fp_zero
                0x000037ee                __fp_szero
                0x000037fa                . = ALIGN (0x2)
 *(.fini9)
 .fini9         0x000037fa        0x0 c:/users/yasmin/desktop/eclipsesdk/sdk_win_64/winavr/bin/../lib/gcc/avr/4.3.3/avr5\libgcc.a(_exit.o)
                0x000037fa                exit
                0x000037fa                _exit
 *(.fini9)
 *(.fini8)
 *(.fini8)
 *(.fini7)
 *(.fini7)
 *(.fini6)
 *(.fini6)
 *(.fini5)
 *(.fini5)
 *(.fini4)
 *(.fini4)
 *(.fini3)
 *(.fini3)
 *(.fini2)
 *(.fini2)
 *(.fini1)
 *(.fini1)
 *(.fini0)
 .fini0         0x000037fa        0x4 c:/users/yasmin/desktop/eclipsesdk/sdk_win_64/winavr/bin/../lib/gcc/avr/4.3.3/avr5\libgcc.a(_exit.o)
 *(.fini0)
                0x000037fe                _etext = .

.data           0x00800060      0x326 load address 0x000037fe
                0x00800060                PROVIDE (__data_start, .)
 *(.data)
 .data          0x00800060        0x0 c:/users/yasmin/desktop/eclipsesdk/sdk_win_64/winavr/bin/../lib/gcc/avr/4.3.3/../../../../avr/lib/avr5/crtm32.o
 .data          0x00800060        0x0 ./DIO_Program.o
 .data          0x00800060        0x0 ./GIE_Program.o
 .data          0x00800060        0x0 ./GLCD_Program.o
 .data          0x00800060        0x0 ./TIMER_Program.o
 .data          0x00800060       0x3e ./main.o
 .data          0x0080009e        0x0 c:/users/yasmin/desktop/eclipsesdk/sdk_win_64/winavr/bin/../lib/gcc/avr/4.3.3/avr5\libgcc.a(_divmodhi4.o)
 .data          0x0080009e        0x0 c:/users/yasmin/desktop/eclipsesdk/sdk_win_64/winavr/bin/../lib/gcc/avr/4.3.3/avr5\libgcc.a(_udivmodsi4.o)
 .data          0x0080009e        0x0 c:/users/yasmin/desktop/eclipsesdk/sdk_win_64/winavr/bin/../lib/gcc/avr/4.3.3/avr5\libgcc.a(_exit.o)
 .data          0x0080009e        0x0 c:/users/yasmin/desktop/eclipsesdk/sdk_win_64/winavr/bin/../lib/gcc/avr/4.3.3/avr5\libgcc.a(_copy_data.o)
 .data          0x0080009e        0x0 c:/users/yasmin/desktop/eclipsesdk/sdk_win_64/winavr/bin/../lib/gcc/avr/4.3.3/avr5\libgcc.a(_clear_bss.o)
 .data          0x0080009e        0x0 c:/users/yasmin/desktop/eclipsesdk/sdk_win_64/winavr/bin/../lib/gcc/avr/4.3.3/avr5\libgcc.a(_fixunssfsi.o)
 .data          0x0080009e        0x0 c:/users/yasmin/desktop/eclipsesdk/sdk_win_64/winavr/bin/../lib/gcc/avr/4.3.3/avr5\libgcc.a(_addsub_sf.o)
 .data          0x0080009e        0x0 c:/users/yasmin/desktop/eclipsesdk/sdk_win_64/winavr/bin/../lib/gcc/avr/4.3.3/avr5\libgcc.a(_mul_sf.o)
 .data          0x0080009e        0x0 c:/users/yasmin/desktop/eclipsesdk/sdk_win_64/winavr/bin/../lib/gcc/avr/4.3.3/avr5\libgcc.a(_div_sf.o)
 .data          0x0080009e        0x0 c:/users/yasmin/desktop/eclipsesdk/sdk_win_64/winavr/bin/../lib/gcc/avr/4.3.3/avr5\libgcc.a(_ne_sf.o)
 .data          0x0080009e        0x0 c:/users/yasmin/desktop/eclipsesdk/sdk_win_64/winavr/bin/../lib/gcc/avr/4.3.3/avr5\libgcc.a(_gt_sf.o)
 .data          0x0080009e        0x0 c:/users/yasmin/desktop/eclipsesdk/sdk_win_64/winavr/bin/../lib/gcc/avr/4.3.3/avr5\libgcc.a(_ge_sf.o)
 .data          0x0080009e        0x0 c:/users/yasmin/desktop/eclipsesdk/sdk_win_64/winavr/bin/../lib/gcc/avr/4.3.3/avr5\libgcc.a(_lt_sf.o)
 .data          0x0080009e        0x0 c:/users/yasmin/desktop/eclipsesdk/sdk_win_64/winavr/bin/../lib/gcc/avr/4.3.3/avr5\libgcc.a(_si_to_sf.o)
 .data          0x0080009e        0x0 c:/users/yasmin/desktop/eclipsesdk/sdk_win_64/winavr/bin/../lib/gcc/avr/4.3.3/avr5\libgcc.a(_sf_to_si.o)
 .data          0x0080009e        0x8 c:/users/yasmin/desktop/eclipsesdk/sdk_win_64/winavr/bin/../lib/gcc/avr/4.3.3/avr5\libgcc.a(_thenan_sf.o)
                0x0080009e                __thenan_sf
 .data          0x008000a6        0x0 c:/users/yasmin/desktop/eclipsesdk/sdk_win_64/winavr/bin/../lib/gcc/avr/4.3.3/avr5\libgcc.a(_usi_to_sf.o)
 .data          0x008000a6        0x0 c:/users/yasmin/desktop/eclipsesdk/sdk_win_64/winavr/bin/../lib/gcc/avr/4.3.3/avr5\libgcc.a(_udivmodhi4.o)
 .data          0x008000a6        0x0 c:/users/yasmin/desktop/eclipsesdk/sdk_win_64/winavr/bin/../lib/gcc/avr/4.3.3/avr5\libgcc.a(_prologue.o)
 .data          0x008000a6        0x0 c:/users/yasmin/desktop/eclipsesdk/sdk_win_64/winavr/bin/../lib/gcc/avr/4.3.3/avr5\libgcc.a(_epilogue.o)
 .data          0x008000a6        0x0 c:/users/yasmin/desktop/eclipsesdk/sdk_win_64/winavr/bin/../lib/gcc/avr/4.3.3/avr5\libgcc.a(_clzsi2.o)
 .data          0x008000a6        0x0 c:/users/yasmin/desktop/eclipsesdk/sdk_win_64/winavr/bin/../lib/gcc/avr/4.3.3/avr5\libgcc.a(_pack_sf.o)
 .data          0x008000a6        0x0 c:/users/yasmin/desktop/eclipsesdk/sdk_win_64/winavr/bin/../lib/gcc/avr/4.3.3/avr5\libgcc.a(_unpack_sf.o)
 .data          0x008000a6        0x0 c:/users/yasmin/desktop/eclipsesdk/sdk_win_64/winavr/bin/../lib/gcc/avr/4.3.3/avr5\libgcc.a(_fpcmp_parts_sf.o)
 .data          0x008000a6      0x100 c:/users/yasmin/desktop/eclipsesdk/sdk_win_64/winavr/bin/../lib/gcc/avr/4.3.3/avr5\libgcc.a(_clz.o)
                0x008000a6                __clz_tab
 .data          0x008001a6        0x0 c:/users/yasmin/desktop/eclipsesdk/sdk_win_64/winavr/bin/../lib/gcc/avr/4.3.3/../../../../avr/lib/avr5\libc.a(round.o)
 .data          0x008001a6        0x0 c:/users/yasmin/desktop/eclipsesdk/sdk_win_64/winavr/bin/../lib/gcc/avr/4.3.3/../../../../avr/lib/avr5\libc.a(fp_mintl.o)
 .data          0x008001a6        0x0 c:/users/yasmin/desktop/eclipsesdk/sdk_win_64/winavr/bin/../lib/gcc/avr/4.3.3/../../../../avr/lib/avr5\libc.a(fp_mpack.o)
 .data          0x008001a6        0x0 c:/users/yasmin/desktop/eclipsesdk/sdk_win_64/winavr/bin/../lib/gcc/avr/4.3.3/../../../../avr/lib/avr5\libc.a(fp_split3.o)
 .data          0x008001a6        0x0 c:/users/yasmin/desktop/eclipsesdk/sdk_win_64/winavr/bin/../lib/gcc/avr/4.3.3/../../../../avr/lib/avr5\libc.a(fp_zero.o)
 *(.data*)
 .data.font     0x008001a6      0x1e0 ./GLCD_Program.o
                0x008001a6                font
 *(.rodata)
 *(.rodata*)
 *(.gnu.linkonce.d*)
                0x00800386                . = ALIGN (0x2)
                0x00800386                _edata = .
                0x00800386                PROVIDE (__data_end, .)

.bss            0x00800386       0x20
                0x00800386                PROVIDE (__bss_start, .)
 *(.bss)
 .bss           0x00800386        0x0 c:/users/yasmin/desktop/eclipsesdk/sdk_win_64/winavr/bin/../lib/gcc/avr/4.3.3/../../../../avr/lib/avr5/crtm32.o
 .bss           0x00800386        0x0 ./DIO_Program.o
 .bss           0x00800386        0x0 ./GIE_Program.o
 .bss           0x00800386        0x0 ./GLCD_Program.o
 .bss           0x00800386        0x0 ./TIMER_Program.o
 .bss           0x00800386        0x0 ./main.o
 .bss           0x00800386        0x0 c:/users/yasmin/desktop/eclipsesdk/sdk_win_64/winavr/bin/../lib/gcc/avr/4.3.3/avr5\libgcc.a(_divmodhi4.o)
 .bss           0x00800386        0x0 c:/users/yasmin/desktop/eclipsesdk/sdk_win_64/winavr/bin/../lib/gcc/avr/4.3.3/avr5\libgcc.a(_udivmodsi4.o)
 .bss           0x00800386        0x0 c:/users/yasmin/desktop/eclipsesdk/sdk_win_64/winavr/bin/../lib/gcc/avr/4.3.3/avr5\libgcc.a(_exit.o)
 .bss           0x00800386        0x0 c:/users/yasmin/desktop/eclipsesdk/sdk_win_64/winavr/bin/../lib/gcc/avr/4.3.3/avr5\libgcc.a(_copy_data.o)
 .bss           0x00800386        0x0 c:/users/yasmin/desktop/eclipsesdk/sdk_win_64/winavr/bin/../lib/gcc/avr/4.3.3/avr5\libgcc.a(_clear_bss.o)
 .bss           0x00800386        0x0 c:/users/yasmin/desktop/eclipsesdk/sdk_win_64/winavr/bin/../lib/gcc/avr/4.3.3/avr5\libgcc.a(_fixunssfsi.o)
 .bss           0x00800386        0x0 c:/users/yasmin/desktop/eclipsesdk/sdk_win_64/winavr/bin/../lib/gcc/avr/4.3.3/avr5\libgcc.a(_addsub_sf.o)
 .bss           0x00800386        0x0 c:/users/yasmin/desktop/eclipsesdk/sdk_win_64/winavr/bin/../lib/gcc/avr/4.3.3/avr5\libgcc.a(_mul_sf.o)
 .bss           0x00800386        0x0 c:/users/yasmin/desktop/eclipsesdk/sdk_win_64/winavr/bin/../lib/gcc/avr/4.3.3/avr5\libgcc.a(_div_sf.o)
 .bss           0x00800386        0x0 c:/users/yasmin/desktop/eclipsesdk/sdk_win_64/winavr/bin/../lib/gcc/avr/4.3.3/avr5\libgcc.a(_ne_sf.o)
 .bss           0x00800386        0x0 c:/users/yasmin/desktop/eclipsesdk/sdk_win_64/winavr/bin/../lib/gcc/avr/4.3.3/avr5\libgcc.a(_gt_sf.o)
 .bss           0x00800386        0x0 c:/users/yasmin/desktop/eclipsesdk/sdk_win_64/winavr/bin/../lib/gcc/avr/4.3.3/avr5\libgcc.a(_ge_sf.o)
 .bss           0x00800386        0x0 c:/users/yasmin/desktop/eclipsesdk/sdk_win_64/winavr/bin/../lib/gcc/avr/4.3.3/avr5\libgcc.a(_lt_sf.o)
 .bss           0x00800386        0x0 c:/users/yasmin/desktop/eclipsesdk/sdk_win_64/winavr/bin/../lib/gcc/avr/4.3.3/avr5\libgcc.a(_si_to_sf.o)
 .bss           0x00800386        0x0 c:/users/yasmin/desktop/eclipsesdk/sdk_win_64/winavr/bin/../lib/gcc/avr/4.3.3/avr5\libgcc.a(_sf_to_si.o)
 .bss           0x00800386        0x0 c:/users/yasmin/desktop/eclipsesdk/sdk_win_64/winavr/bin/../lib/gcc/avr/4.3.3/avr5\libgcc.a(_thenan_sf.o)
 .bss           0x00800386        0x0 c:/users/yasmin/desktop/eclipsesdk/sdk_win_64/winavr/bin/../lib/gcc/avr/4.3.3/avr5\libgcc.a(_usi_to_sf.o)
 .bss           0x00800386        0x0 c:/users/yasmin/desktop/eclipsesdk/sdk_win_64/winavr/bin/../lib/gcc/avr/4.3.3/avr5\libgcc.a(_udivmodhi4.o)
 .bss           0x00800386        0x0 c:/users/yasmin/desktop/eclipsesdk/sdk_win_64/winavr/bin/../lib/gcc/avr/4.3.3/avr5\libgcc.a(_prologue.o)
 .bss           0x00800386        0x0 c:/users/yasmin/desktop/eclipsesdk/sdk_win_64/winavr/bin/../lib/gcc/avr/4.3.3/avr5\libgcc.a(_epilogue.o)
 .bss           0x00800386        0x0 c:/users/yasmin/desktop/eclipsesdk/sdk_win_64/winavr/bin/../lib/gcc/avr/4.3.3/avr5\libgcc.a(_clzsi2.o)
 .bss           0x00800386        0x0 c:/users/yasmin/desktop/eclipsesdk/sdk_win_64/winavr/bin/../lib/gcc/avr/4.3.3/avr5\libgcc.a(_pack_sf.o)
 .bss           0x00800386        0x0 c:/users/yasmin/desktop/eclipsesdk/sdk_win_64/winavr/bin/../lib/gcc/avr/4.3.3/avr5\libgcc.a(_unpack_sf.o)
 .bss           0x00800386        0x0 c:/users/yasmin/desktop/eclipsesdk/sdk_win_64/winavr/bin/../lib/gcc/avr/4.3.3/avr5\libgcc.a(_fpcmp_parts_sf.o)
 .bss           0x00800386        0x0 c:/users/yasmin/desktop/eclipsesdk/sdk_win_64/winavr/bin/../lib/gcc/avr/4.3.3/avr5\libgcc.a(_clz.o)
 .bss           0x00800386        0x0 c:/users/yasmin/desktop/eclipsesdk/sdk_win_64/winavr/bin/../lib/gcc/avr/4.3.3/../../../../avr/lib/avr5\libc.a(round.o)
 .bss           0x00800386        0x0 c:/users/yasmin/desktop/eclipsesdk/sdk_win_64/winavr/bin/../lib/gcc/avr/4.3.3/../../../../avr/lib/avr5\libc.a(fp_mintl.o)
 .bss           0x00800386        0x0 c:/users/yasmin/desktop/eclipsesdk/sdk_win_64/winavr/bin/../lib/gcc/avr/4.3.3/../../../../avr/lib/avr5\libc.a(fp_mpack.o)
 .bss           0x00800386        0x0 c:/users/yasmin/desktop/eclipsesdk/sdk_win_64/winavr/bin/../lib/gcc/avr/4.3.3/../../../../avr/lib/avr5\libc.a(fp_split3.o)
 .bss           0x00800386        0x0 c:/users/yasmin/desktop/eclipsesdk/sdk_win_64/winavr/bin/../lib/gcc/avr/4.3.3/../../../../avr/lib/avr5\libc.a(fp_zero.o)
 *(.bss*)
 .bss.Y         0x00800386        0x1 ./GLCD_Program.o
                0x00800386                Y
 .bss.X         0x00800387        0x1 ./GLCD_Program.o
                0x00800387                X
 .bss.count     0x00800388        0x1 ./main.o
                0x00800388                count
 .bss.flag      0x00800389        0x1 ./main.o
                0x00800389                flag
 *(COMMON)
 COMMON         0x0080038a       0x10 ./TIMER_Program.o
                0x0080038a                ptr_Global_Timer2_CTC
                0x0080038c                ptr_Global_Timer1_CTC_Channel_A
                0x0080038e                ptr_Global_Timer0_Over_Flow
                0x00800390                ptr_Global_Timer2_Over_Flow
                0x00800392                ptr_Global_Timer1_ICU
                0x00800394                ptr_Global_Timer1_CTC_Channel_B
                0x00800396                ptr_Global_Timer1_Over_Flow
                0x00800398                ptr_Global_Timer0_CTC
 COMMON         0x0080039a        0xc ./main.o
                0x0080039a                T2
                0x0080039e                T3
                0x008003a2                T1
                0x008003a6                PROVIDE (__bss_end, .)
                0x000037fe                __data_load_start = LOADADDR (.data)
                0x00003b24                __data_load_end = (__data_load_start + SIZEOF (.data))

.noinit         0x008003a6        0x0
                0x008003a6                PROVIDE (__noinit_start, .)
 *(.noinit*)
                0x008003a6                PROVIDE (__noinit_end, .)
                0x008003a6                _end = .
                0x008003a6                PROVIDE (__heap_start, .)

.eeprom         0x00810000        0x0
 *(.eeprom*)
                0x00810000                __eeprom_end = .

.fuse
 *(.fuse)
 *(.lfuse)
 *(.hfuse)
 *(.efuse)

.lock
 *(.lock*)

.signature
 *(.signature*)

.stab           0x00000000     0x2a90
 *(.stab)
 .stab          0x00000000      0x7f8 ./DIO_Program.o
 .stab          0x000007f8      0x144 ./GIE_Program.o
                                0x1bc (size before relaxing)
 .stab          0x0000093c     0x138c ./GLCD_Program.o
                               0x1428 (size before relaxing)
 .stab          0x00001cc8      0x81c ./TIMER_Program.o
                                0x894 (size before relaxing)
 .stab          0x000024e4      0x5ac ./main.o
                                0x7d4 (size before relaxing)

.stabstr        0x00000000     0x1345
 *(.stabstr)
 .stabstr       0x00000000     0x1345 ./DIO_Program.o

.stab.excl
 *(.stab.excl)

.stab.exclstr
 *(.stab.exclstr)

.stab.index
 *(.stab.index)

.stab.indexstr
 *(.stab.indexstr)

.comment
 *(.comment)

.debug
 *(.debug)

.line
 *(.line)

.debug_srcinfo
 *(.debug_srcinfo)

.debug_sfnames
 *(.debug_sfnames)

.debug_aranges  0x00000000      0x1e0
 *(.debug_aranges)
 .debug_aranges
                0x00000000       0x20 c:/users/yasmin/desktop/eclipsesdk/sdk_win_64/winavr/bin/../lib/gcc/avr/4.3.3/avr5\libgcc.a(_fixunssfsi.o)
 .debug_aranges
                0x00000020       0x20 c:/users/yasmin/desktop/eclipsesdk/sdk_win_64/winavr/bin/../lib/gcc/avr/4.3.3/avr5\libgcc.a(_addsub_sf.o)
 .debug_aranges
                0x00000040       0x20 c:/users/yasmin/desktop/eclipsesdk/sdk_win_64/winavr/bin/../lib/gcc/avr/4.3.3/avr5\libgcc.a(_mul_sf.o)
 .debug_aranges
                0x00000060       0x20 c:/users/yasmin/desktop/eclipsesdk/sdk_win_64/winavr/bin/../lib/gcc/avr/4.3.3/avr5\libgcc.a(_div_sf.o)
 .debug_aranges
                0x00000080       0x20 c:/users/yasmin/desktop/eclipsesdk/sdk_win_64/winavr/bin/../lib/gcc/avr/4.3.3/avr5\libgcc.a(_ne_sf.o)
 .debug_aranges
                0x000000a0       0x20 c:/users/yasmin/desktop/eclipsesdk/sdk_win_64/winavr/bin/../lib/gcc/avr/4.3.3/avr5\libgcc.a(_gt_sf.o)
 .debug_aranges
                0x000000c0       0x20 c:/users/yasmin/desktop/eclipsesdk/sdk_win_64/winavr/bin/../lib/gcc/avr/4.3.3/avr5\libgcc.a(_ge_sf.o)
 .debug_aranges
                0x000000e0       0x20 c:/users/yasmin/desktop/eclipsesdk/sdk_win_64/winavr/bin/../lib/gcc/avr/4.3.3/avr5\libgcc.a(_lt_sf.o)
 .debug_aranges
                0x00000100       0x20 c:/users/yasmin/desktop/eclipsesdk/sdk_win_64/winavr/bin/../lib/gcc/avr/4.3.3/avr5\libgcc.a(_si_to_sf.o)
 .debug_aranges
                0x00000120       0x20 c:/users/yasmin/desktop/eclipsesdk/sdk_win_64/winavr/bin/../lib/gcc/avr/4.3.3/avr5\libgcc.a(_sf_to_si.o)
 .debug_aranges
                0x00000140       0x20 c:/users/yasmin/desktop/eclipsesdk/sdk_win_64/winavr/bin/../lib/gcc/avr/4.3.3/avr5\libgcc.a(_usi_to_sf.o)
 .debug_aranges
                0x00000160       0x20 c:/users/yasmin/desktop/eclipsesdk/sdk_win_64/winavr/bin/../lib/gcc/avr/4.3.3/avr5\libgcc.a(_clzsi2.o)
 .debug_aranges
                0x00000180       0x20 c:/users/yasmin/desktop/eclipsesdk/sdk_win_64/winavr/bin/../lib/gcc/avr/4.3.3/avr5\libgcc.a(_pack_sf.o)
 .debug_aranges
                0x000001a0       0x20 c:/users/yasmin/desktop/eclipsesdk/sdk_win_64/winavr/bin/../lib/gcc/avr/4.3.3/avr5\libgcc.a(_unpack_sf.o)
 .debug_aranges
                0x000001c0       0x20 c:/users/yasmin/desktop/eclipsesdk/sdk_win_64/winavr/bin/../lib/gcc/avr/4.3.3/avr5\libgcc.a(_fpcmp_parts_sf.o)

.debug_pubnames
                0x00000000      0x232
 *(.debug_pubnames)
 .debug_pubnames
                0x00000000       0x23 c:/users/yasmin/desktop/eclipsesdk/sdk_win_64/winavr/bin/../lib/gcc/avr/4.3.3/avr5\libgcc.a(_fixunssfsi.o)
 .debug_pubnames
                0x00000023       0x2c c:/users/yasmin/desktop/eclipsesdk/sdk_win_64/winavr/bin/../lib/gcc/avr/4.3.3/avr5\libgcc.a(_addsub_sf.o)
 .debug_pubnames
                0x0000004f       0x1f c:/users/yasmin/desktop/eclipsesdk/sdk_win_64/winavr/bin/../lib/gcc/avr/4.3.3/avr5\libgcc.a(_mul_sf.o)
 .debug_pubnames
                0x0000006e       0x1f c:/users/yasmin/desktop/eclipsesdk/sdk_win_64/winavr/bin/../lib/gcc/avr/4.3.3/avr5\libgcc.a(_div_sf.o)
 .debug_pubnames
                0x0000008d       0x1e c:/users/yasmin/desktop/eclipsesdk/sdk_win_64/winavr/bin/../lib/gcc/avr/4.3.3/avr5\libgcc.a(_ne_sf.o)
 .debug_pubnames
                0x000000ab       0x1e c:/users/yasmin/desktop/eclipsesdk/sdk_win_64/winavr/bin/../lib/gcc/avr/4.3.3/avr5\libgcc.a(_gt_sf.o)
 .debug_pubnames
                0x000000c9       0x1e c:/users/yasmin/desktop/eclipsesdk/sdk_win_64/winavr/bin/../lib/gcc/avr/4.3.3/avr5\libgcc.a(_ge_sf.o)
 .debug_pubnames
                0x000000e7       0x1e c:/users/yasmin/desktop/eclipsesdk/sdk_win_64/winavr/bin/../lib/gcc/avr/4.3.3/avr5\libgcc.a(_lt_sf.o)
 .debug_pubnames
                0x00000105       0x22 c:/users/yasmin/desktop/eclipsesdk/sdk_win_64/winavr/bin/../lib/gcc/avr/4.3.3/avr5\libgcc.a(_si_to_sf.o)
 .debug_pubnames
                0x00000127       0x20 c:/users/yasmin/desktop/eclipsesdk/sdk_win_64/winavr/bin/../lib/gcc/avr/4.3.3/avr5\libgcc.a(_sf_to_si.o)
 .debug_pubnames
                0x00000147       0x22 c:/users/yasmin/desktop/eclipsesdk/sdk_win_64/winavr/bin/../lib/gcc/avr/4.3.3/avr5\libgcc.a(_thenan_sf.o)
 .debug_pubnames
                0x00000169       0x24 c:/users/yasmin/desktop/eclipsesdk/sdk_win_64/winavr/bin/../lib/gcc/avr/4.3.3/avr5\libgcc.a(_usi_to_sf.o)
 .debug_pubnames
                0x0000018d       0x1f c:/users/yasmin/desktop/eclipsesdk/sdk_win_64/winavr/bin/../lib/gcc/avr/4.3.3/avr5\libgcc.a(_clzsi2.o)
 .debug_pubnames
                0x000001ac       0x1f c:/users/yasmin/desktop/eclipsesdk/sdk_win_64/winavr/bin/../lib/gcc/avr/4.3.3/avr5\libgcc.a(_pack_sf.o)
 .debug_pubnames
                0x000001cb       0x21 c:/users/yasmin/desktop/eclipsesdk/sdk_win_64/winavr/bin/../lib/gcc/avr/4.3.3/avr5\libgcc.a(_unpack_sf.o)
 .debug_pubnames
                0x000001ec       0x26 c:/users/yasmin/desktop/eclipsesdk/sdk_win_64/winavr/bin/../lib/gcc/avr/4.3.3/avr5\libgcc.a(_fpcmp_parts_sf.o)
 .debug_pubnames
                0x00000212       0x20 c:/users/yasmin/desktop/eclipsesdk/sdk_win_64/winavr/bin/../lib/gcc/avr/4.3.3/avr5\libgcc.a(_clz.o)

.debug_info     0x00000000     0x2891
 *(.debug_info)
 .debug_info    0x00000000       0xb1 c:/users/yasmin/desktop/eclipsesdk/sdk_win_64/winavr/bin/../lib/gcc/avr/4.3.3/avr5\libgcc.a(_fixunssfsi.o)
 .debug_info    0x000000b1      0x47a c:/users/yasmin/desktop/eclipsesdk/sdk_win_64/winavr/bin/../lib/gcc/avr/4.3.3/avr5\libgcc.a(_addsub_sf.o)
 .debug_info    0x0000052b      0x485 c:/users/yasmin/desktop/eclipsesdk/sdk_win_64/winavr/bin/../lib/gcc/avr/4.3.3/avr5\libgcc.a(_mul_sf.o)
 .debug_info    0x000009b0      0x3fc c:/users/yasmin/desktop/eclipsesdk/sdk_win_64/winavr/bin/../lib/gcc/avr/4.3.3/avr5\libgcc.a(_div_sf.o)
 .debug_info    0x00000dac      0x27f c:/users/yasmin/desktop/eclipsesdk/sdk_win_64/winavr/bin/../lib/gcc/avr/4.3.3/avr5\libgcc.a(_ne_sf.o)
 .debug_info    0x0000102b      0x27f c:/users/yasmin/desktop/eclipsesdk/sdk_win_64/winavr/bin/../lib/gcc/avr/4.3.3/avr5\libgcc.a(_gt_sf.o)
 .debug_info    0x000012aa      0x27f c:/users/yasmin/desktop/eclipsesdk/sdk_win_64/winavr/bin/../lib/gcc/avr/4.3.3/avr5\libgcc.a(_ge_sf.o)
 .debug_info    0x00001529      0x27f c:/users/yasmin/desktop/eclipsesdk/sdk_win_64/winavr/bin/../lib/gcc/avr/4.3.3/avr5\libgcc.a(_lt_sf.o)
 .debug_info    0x000017a8      0x207 c:/users/yasmin/desktop/eclipsesdk/sdk_win_64/winavr/bin/../lib/gcc/avr/4.3.3/avr5\libgcc.a(_si_to_sf.o)
 .debug_info    0x000019af      0x2b0 c:/users/yasmin/desktop/eclipsesdk/sdk_win_64/winavr/bin/../lib/gcc/avr/4.3.3/avr5\libgcc.a(_sf_to_si.o)
 .debug_info    0x00001c5f      0x12c c:/users/yasmin/desktop/eclipsesdk/sdk_win_64/winavr/bin/../lib/gcc/avr/4.3.3/avr5\libgcc.a(_thenan_sf.o)
 .debug_info    0x00001d8b      0x206 c:/users/yasmin/desktop/eclipsesdk/sdk_win_64/winavr/bin/../lib/gcc/avr/4.3.3/avr5\libgcc.a(_usi_to_sf.o)
 .debug_info    0x00001f91      0x117 c:/users/yasmin/desktop/eclipsesdk/sdk_win_64/winavr/bin/../lib/gcc/avr/4.3.3/avr5\libgcc.a(_clzsi2.o)
 .debug_info    0x000020a8      0x2df c:/users/yasmin/desktop/eclipsesdk/sdk_win_64/winavr/bin/../lib/gcc/avr/4.3.3/avr5\libgcc.a(_pack_sf.o)
 .debug_info    0x00002387      0x251 c:/users/yasmin/desktop/eclipsesdk/sdk_win_64/winavr/bin/../lib/gcc/avr/4.3.3/avr5\libgcc.a(_unpack_sf.o)
 .debug_info    0x000025d8      0x210 c:/users/yasmin/desktop/eclipsesdk/sdk_win_64/winavr/bin/../lib/gcc/avr/4.3.3/avr5\libgcc.a(_fpcmp_parts_sf.o)
 .debug_info    0x000027e8       0xa9 c:/users/yasmin/desktop/eclipsesdk/sdk_win_64/winavr/bin/../lib/gcc/avr/4.3.3/avr5\libgcc.a(_clz.o)
 *(.gnu.linkonce.wi.*)

.debug_abbrev   0x00000000     0x1628
 *(.debug_abbrev)
 .debug_abbrev  0x00000000       0x5d c:/users/yasmin/desktop/eclipsesdk/sdk_win_64/winavr/bin/../lib/gcc/avr/4.3.3/avr5\libgcc.a(_fixunssfsi.o)
 .debug_abbrev  0x0000005d      0x1ea c:/users/yasmin/desktop/eclipsesdk/sdk_win_64/winavr/bin/../lib/gcc/avr/4.3.3/avr5\libgcc.a(_addsub_sf.o)
 .debug_abbrev  0x00000247      0x21b c:/users/yasmin/desktop/eclipsesdk/sdk_win_64/winavr/bin/../lib/gcc/avr/4.3.3/avr5\libgcc.a(_mul_sf.o)
 .debug_abbrev  0x00000462      0x216 c:/users/yasmin/desktop/eclipsesdk/sdk_win_64/winavr/bin/../lib/gcc/avr/4.3.3/avr5\libgcc.a(_div_sf.o)
 .debug_abbrev  0x00000678      0x15a c:/users/yasmin/desktop/eclipsesdk/sdk_win_64/winavr/bin/../lib/gcc/avr/4.3.3/avr5\libgcc.a(_ne_sf.o)
 .debug_abbrev  0x000007d2      0x15a c:/users/yasmin/desktop/eclipsesdk/sdk_win_64/winavr/bin/../lib/gcc/avr/4.3.3/avr5\libgcc.a(_gt_sf.o)
 .debug_abbrev  0x0000092c      0x15a c:/users/yasmin/desktop/eclipsesdk/sdk_win_64/winavr/bin/../lib/gcc/avr/4.3.3/avr5\libgcc.a(_ge_sf.o)
 .debug_abbrev  0x00000a86      0x15a c:/users/yasmin/desktop/eclipsesdk/sdk_win_64/winavr/bin/../lib/gcc/avr/4.3.3/avr5\libgcc.a(_lt_sf.o)
 .debug_abbrev  0x00000be0      0x148 c:/users/yasmin/desktop/eclipsesdk/sdk_win_64/winavr/bin/../lib/gcc/avr/4.3.3/avr5\libgcc.a(_si_to_sf.o)
 .debug_abbrev  0x00000d28      0x17f c:/users/yasmin/desktop/eclipsesdk/sdk_win_64/winavr/bin/../lib/gcc/avr/4.3.3/avr5\libgcc.a(_sf_to_si.o)
 .debug_abbrev  0x00000ea7       0xad c:/users/yasmin/desktop/eclipsesdk/sdk_win_64/winavr/bin/../lib/gcc/avr/4.3.3/avr5\libgcc.a(_thenan_sf.o)
 .debug_abbrev  0x00000f54      0x157 c:/users/yasmin/desktop/eclipsesdk/sdk_win_64/winavr/bin/../lib/gcc/avr/4.3.3/avr5\libgcc.a(_usi_to_sf.o)
 .debug_abbrev  0x000010ab       0xc4 c:/users/yasmin/desktop/eclipsesdk/sdk_win_64/winavr/bin/../lib/gcc/avr/4.3.3/avr5\libgcc.a(_clzsi2.o)
 .debug_abbrev  0x0000116f      0x1c0 c:/users/yasmin/desktop/eclipsesdk/sdk_win_64/winavr/bin/../lib/gcc/avr/4.3.3/avr5\libgcc.a(_pack_sf.o)
 .debug_abbrev  0x0000132f      0x154 c:/users/yasmin/desktop/eclipsesdk/sdk_win_64/winavr/bin/../lib/gcc/avr/4.3.3/avr5\libgcc.a(_unpack_sf.o)
 .debug_abbrev  0x00001483      0x13b c:/users/yasmin/desktop/eclipsesdk/sdk_win_64/winavr/bin/../lib/gcc/avr/4.3.3/avr5\libgcc.a(_fpcmp_parts_sf.o)
 .debug_abbrev  0x000015be       0x6a c:/users/yasmin/desktop/eclipsesdk/sdk_win_64/winavr/bin/../lib/gcc/avr/4.3.3/avr5\libgcc.a(_clz.o)

.debug_line     0x00000000     0x13de
 *(.debug_line)
 .debug_line    0x00000000       0xa7 c:/users/yasmin/desktop/eclipsesdk/sdk_win_64/winavr/bin/../lib/gcc/avr/4.3.3/avr5\libgcc.a(_fixunssfsi.o)
 .debug_line    0x000000a7      0x2af c:/users/yasmin/desktop/eclipsesdk/sdk_win_64/winavr/bin/../lib/gcc/avr/4.3.3/avr5\libgcc.a(_addsub_sf.o)
 .debug_line    0x00000356      0x239 c:/users/yasmin/desktop/eclipsesdk/sdk_win_64/winavr/bin/../lib/gcc/avr/4.3.3/avr5\libgcc.a(_mul_sf.o)
 .debug_line    0x0000058f      0x1d5 c:/users/yasmin/desktop/eclipsesdk/sdk_win_64/winavr/bin/../lib/gcc/avr/4.3.3/avr5\libgcc.a(_div_sf.o)
 .debug_line    0x00000764       0xd3 c:/users/yasmin/desktop/eclipsesdk/sdk_win_64/winavr/bin/../lib/gcc/avr/4.3.3/avr5\libgcc.a(_ne_sf.o)
 .debug_line    0x00000837       0xd3 c:/users/yasmin/desktop/eclipsesdk/sdk_win_64/winavr/bin/../lib/gcc/avr/4.3.3/avr5\libgcc.a(_gt_sf.o)
 .debug_line    0x0000090a       0xd3 c:/users/yasmin/desktop/eclipsesdk/sdk_win_64/winavr/bin/../lib/gcc/avr/4.3.3/avr5\libgcc.a(_ge_sf.o)
 .debug_line    0x000009dd       0xd3 c:/users/yasmin/desktop/eclipsesdk/sdk_win_64/winavr/bin/../lib/gcc/avr/4.3.3/avr5\libgcc.a(_lt_sf.o)
 .debug_line    0x00000ab0      0x135 c:/users/yasmin/desktop/eclipsesdk/sdk_win_64/winavr/bin/../lib/gcc/avr/4.3.3/avr5\libgcc.a(_si_to_sf.o)
 .debug_line    0x00000be5      0x109 c:/users/yasmin/desktop/eclipsesdk/sdk_win_64/winavr/bin/../lib/gcc/avr/4.3.3/avr5\libgcc.a(_sf_to_si.o)
 .debug_line    0x00000cee       0x90 c:/users/yasmin/desktop/eclipsesdk/sdk_win_64/winavr/bin/../lib/gcc/avr/4.3.3/avr5\libgcc.a(_thenan_sf.o)
 .debug_line    0x00000d7e      0x133 c:/users/yasmin/desktop/eclipsesdk/sdk_win_64/winavr/bin/../lib/gcc/avr/4.3.3/avr5\libgcc.a(_usi_to_sf.o)
 .debug_line    0x00000eb1       0xa5 c:/users/yasmin/desktop/eclipsesdk/sdk_win_64/winavr/bin/../lib/gcc/avr/4.3.3/avr5\libgcc.a(_clzsi2.o)
 .debug_line    0x00000f56      0x18a c:/users/yasmin/desktop/eclipsesdk/sdk_win_64/winavr/bin/../lib/gcc/avr/4.3.3/avr5\libgcc.a(_pack_sf.o)
 .debug_line    0x000010e0      0x14b c:/users/yasmin/desktop/eclipsesdk/sdk_win_64/winavr/bin/../lib/gcc/avr/4.3.3/avr5\libgcc.a(_unpack_sf.o)
 .debug_line    0x0000122b      0x137 c:/users/yasmin/desktop/eclipsesdk/sdk_win_64/winavr/bin/../lib/gcc/avr/4.3.3/avr5\libgcc.a(_fpcmp_parts_sf.o)
 .debug_line    0x00001362       0x7c c:/users/yasmin/desktop/eclipsesdk/sdk_win_64/winavr/bin/../lib/gcc/avr/4.3.3/avr5\libgcc.a(_clz.o)

.debug_frame    0x00000000      0x200
 *(.debug_frame)
 .debug_frame   0x00000000       0x20 c:/users/yasmin/desktop/eclipsesdk/sdk_win_64/winavr/bin/../lib/gcc/avr/4.3.3/avr5\libgcc.a(_fixunssfsi.o)
 .debug_frame   0x00000020       0x40 c:/users/yasmin/desktop/eclipsesdk/sdk_win_64/winavr/bin/../lib/gcc/avr/4.3.3/avr5\libgcc.a(_addsub_sf.o)
 .debug_frame   0x00000060       0x20 c:/users/yasmin/desktop/eclipsesdk/sdk_win_64/winavr/bin/../lib/gcc/avr/4.3.3/avr5\libgcc.a(_mul_sf.o)
 .debug_frame   0x00000080       0x20 c:/users/yasmin/desktop/eclipsesdk/sdk_win_64/winavr/bin/../lib/gcc/avr/4.3.3/avr5\libgcc.a(_div_sf.o)
 .debug_frame   0x000000a0       0x20 c:/users/yasmin/desktop/eclipsesdk/sdk_win_64/winavr/bin/../lib/gcc/avr/4.3.3/avr5\libgcc.a(_ne_sf.o)
 .debug_frame   0x000000c0       0x20 c:/users/yasmin/desktop/eclipsesdk/sdk_win_64/winavr/bin/../lib/gcc/avr/4.3.3/avr5\libgcc.a(_gt_sf.o)
 .debug_frame   0x000000e0       0x20 c:/users/yasmin/desktop/eclipsesdk/sdk_win_64/winavr/bin/../lib/gcc/avr/4.3.3/avr5\libgcc.a(_ge_sf.o)
 .debug_frame   0x00000100       0x20 c:/users/yasmin/desktop/eclipsesdk/sdk_win_64/winavr/bin/../lib/gcc/avr/4.3.3/avr5\libgcc.a(_lt_sf.o)
 .debug_frame   0x00000120       0x20 c:/users/yasmin/desktop/eclipsesdk/sdk_win_64/winavr/bin/../lib/gcc/avr/4.3.3/avr5\libgcc.a(_si_to_sf.o)
 .debug_frame   0x00000140       0x20 c:/users/yasmin/desktop/eclipsesdk/sdk_win_64/winavr/bin/../lib/gcc/avr/4.3.3/avr5\libgcc.a(_sf_to_si.o)
 .debug_frame   0x00000160       0x20 c:/users/yasmin/desktop/eclipsesdk/sdk_win_64/winavr/bin/../lib/gcc/avr/4.3.3/avr5\libgcc.a(_usi_to_sf.o)
 .debug_frame   0x00000180       0x20 c:/users/yasmin/desktop/eclipsesdk/sdk_win_64/winavr/bin/../lib/gcc/avr/4.3.3/avr5\libgcc.a(_clzsi2.o)
 .debug_frame   0x000001a0       0x20 c:/users/yasmin/desktop/eclipsesdk/sdk_win_64/winavr/bin/../lib/gcc/avr/4.3.3/avr5\libgcc.a(_pack_sf.o)
 .debug_frame   0x000001c0       0x20 c:/users/yasmin/desktop/eclipsesdk/sdk_win_64/winavr/bin/../lib/gcc/avr/4.3.3/avr5\libgcc.a(_unpack_sf.o)
 .debug_frame   0x000001e0       0x20 c:/users/yasmin/desktop/eclipsesdk/sdk_win_64/winavr/bin/../lib/gcc/avr/4.3.3/avr5\libgcc.a(_fpcmp_parts_sf.o)

.debug_str      0x00000000      0x30f
 *(.debug_str)
 .debug_str     0x00000000       0xbf c:/users/yasmin/desktop/eclipsesdk/sdk_win_64/winavr/bin/../lib/gcc/avr/4.3.3/avr5\libgcc.a(_fixunssfsi.o)
                                 0xfe (size before relaxing)
 .debug_str     0x000000bf      0x14d c:/users/yasmin/desktop/eclipsesdk/sdk_win_64/winavr/bin/../lib/gcc/avr/4.3.3/avr5\libgcc.a(_addsub_sf.o)
                                0x206 (size before relaxing)
 .debug_str     0x0000020c       0x27 c:/users/yasmin/desktop/eclipsesdk/sdk_win_64/winavr/bin/../lib/gcc/avr/4.3.3/avr5\libgcc.a(_mul_sf.o)
                                0x1bf (size before relaxing)
 .debug_str     0x00000233       0x35 c:/users/yasmin/desktop/eclipsesdk/sdk_win_64/winavr/bin/../lib/gcc/avr/4.3.3/avr5\libgcc.a(_div_sf.o)
                                0x1c8 (size before relaxing)
 .debug_str     0x00000268        0x8 c:/users/yasmin/desktop/eclipsesdk/sdk_win_64/winavr/bin/../lib/gcc/avr/4.3.3/avr5\libgcc.a(_ne_sf.o)
                                0x195 (size before relaxing)
 .debug_str     0x00000270        0x8 c:/users/yasmin/desktop/eclipsesdk/sdk_win_64/winavr/bin/../lib/gcc/avr/4.3.3/avr5\libgcc.a(_gt_sf.o)
                                0x195 (size before relaxing)
 .debug_str     0x00000278        0x8 c:/users/yasmin/desktop/eclipsesdk/sdk_win_64/winavr/bin/../lib/gcc/avr/4.3.3/avr5\libgcc.a(_ge_sf.o)
                                0x195 (size before relaxing)
 .debug_str     0x00000280        0x8 c:/users/yasmin/desktop/eclipsesdk/sdk_win_64/winavr/bin/../lib/gcc/avr/4.3.3/avr5\libgcc.a(_lt_sf.o)
                                0x195 (size before relaxing)
 .debug_str     0x00000288       0x1e c:/users/yasmin/desktop/eclipsesdk/sdk_win_64/winavr/bin/../lib/gcc/avr/4.3.3/avr5\libgcc.a(_si_to_sf.o)
                                0x17b (size before relaxing)
 .debug_str     0x000002a6        0xa c:/users/yasmin/desktop/eclipsesdk/sdk_win_64/winavr/bin/../lib/gcc/avr/4.3.3/avr5\libgcc.a(_sf_to_si.o)
                                0x19e (size before relaxing)
 .debug_str     0x00000000      0x103 c:/users/yasmin/desktop/eclipsesdk/sdk_win_64/winavr/bin/../lib/gcc/avr/4.3.3/avr5\libgcc.a(_thenan_sf.o)
 .debug_str     0x000002b0       0x14 c:/users/yasmin/desktop/eclipsesdk/sdk_win_64/winavr/bin/../lib/gcc/avr/4.3.3/avr5\libgcc.a(_usi_to_sf.o)
                                0x177 (size before relaxing)
 .debug_str     0x000002c4       0x20 c:/users/yasmin/desktop/eclipsesdk/sdk_win_64/winavr/bin/../lib/gcc/avr/4.3.3/avr5\libgcc.a(_clzsi2.o)
                                0x111 (size before relaxing)
 .debug_str     0x000002e4       0x10 c:/users/yasmin/desktop/eclipsesdk/sdk_win_64/winavr/bin/../lib/gcc/avr/4.3.3/avr5\libgcc.a(_pack_sf.o)
                                0x19d (size before relaxing)
 .debug_str     0x000002f4        0xb c:/users/yasmin/desktop/eclipsesdk/sdk_win_64/winavr/bin/../lib/gcc/avr/4.3.3/avr5\libgcc.a(_unpack_sf.o)
                                0x17f (size before relaxing)
 .debug_str     0x000002ff       0x10 c:/users/yasmin/desktop/eclipsesdk/sdk_win_64/winavr/bin/../lib/gcc/avr/4.3.3/avr5\libgcc.a(_fpcmp_parts_sf.o)
                                0x163 (size before relaxing)
 .debug_str     0x00000000       0xf4 c:/users/yasmin/desktop/eclipsesdk/sdk_win_64/winavr/bin/../lib/gcc/avr/4.3.3/avr5\libgcc.a(_clz.o)

.debug_loc      0x00000000      0xa56
 *(.debug_loc)
 .debug_loc     0x00000000       0x34 c:/users/yasmin/desktop/eclipsesdk/sdk_win_64/winavr/bin/../lib/gcc/avr/4.3.3/avr5\libgcc.a(_fixunssfsi.o)
 .debug_loc     0x00000034      0x32a c:/users/yasmin/desktop/eclipsesdk/sdk_win_64/winavr/bin/../lib/gcc/avr/4.3.3/avr5\libgcc.a(_addsub_sf.o)
 .debug_loc     0x0000035e      0x104 c:/users/yasmin/desktop/eclipsesdk/sdk_win_64/winavr/bin/../lib/gcc/avr/4.3.3/avr5\libgcc.a(_mul_sf.o)
 .debug_loc     0x00000462       0xc0 c:/users/yasmin/desktop/eclipsesdk/sdk_win_64/winavr/bin/../lib/gcc/avr/4.3.3/avr5\libgcc.a(_div_sf.o)
 .debug_loc     0x00000522       0x3c c:/users/yasmin/desktop/eclipsesdk/sdk_win_64/winavr/bin/../lib/gcc/avr/4.3.3/avr5\libgcc.a(_ne_sf.o)
 .debug_loc     0x0000055e       0x3c c:/users/yasmin/desktop/eclipsesdk/sdk_win_64/winavr/bin/../lib/gcc/avr/4.3.3/avr5\libgcc.a(_gt_sf.o)
 .debug_loc     0x0000059a       0x3c c:/users/yasmin/desktop/eclipsesdk/sdk_win_64/winavr/bin/../lib/gcc/avr/4.3.3/avr5\libgcc.a(_ge_sf.o)
 .debug_loc     0x000005d6       0x3c c:/users/yasmin/desktop/eclipsesdk/sdk_win_64/winavr/bin/../lib/gcc/avr/4.3.3/avr5\libgcc.a(_lt_sf.o)
 .debug_loc     0x00000612       0xac c:/users/yasmin/desktop/eclipsesdk/sdk_win_64/winavr/bin/../lib/gcc/avr/4.3.3/avr5\libgcc.a(_si_to_sf.o)
 .debug_loc     0x000006be       0x7e c:/users/yasmin/desktop/eclipsesdk/sdk_win_64/winavr/bin/../lib/gcc/avr/4.3.3/avr5\libgcc.a(_sf_to_si.o)
 .debug_loc     0x0000073c       0x4c c:/users/yasmin/desktop/eclipsesdk/sdk_win_64/winavr/bin/../lib/gcc/avr/4.3.3/avr5\libgcc.a(_usi_to_sf.o)
 .debug_loc     0x00000788       0x94 c:/users/yasmin/desktop/eclipsesdk/sdk_win_64/winavr/bin/../lib/gcc/avr/4.3.3/avr5\libgcc.a(_clzsi2.o)
 .debug_loc     0x0000081c      0x13e c:/users/yasmin/desktop/eclipsesdk/sdk_win_64/winavr/bin/../lib/gcc/avr/4.3.3/avr5\libgcc.a(_pack_sf.o)
 .debug_loc     0x0000095a       0xac c:/users/yasmin/desktop/eclipsesdk/sdk_win_64/winavr/bin/../lib/gcc/avr/4.3.3/avr5\libgcc.a(_unpack_sf.o)
 .debug_loc     0x00000a06       0x50 c:/users/yasmin/desktop/eclipsesdk/sdk_win_64/winavr/bin/../lib/gcc/avr/4.3.3/avr5\libgcc.a(_fpcmp_parts_sf.o)

.debug_macinfo
 *(.debug_macinfo)
OUTPUT(GLCD_Project_Final.elf elf32-avr)
LOAD linker stubs

.debug_ranges   0x00000000       0x50
 .debug_ranges  0x00000000       0x50 c:/users/yasmin/desktop/eclipsesdk/sdk_win_64/winavr/bin/../lib/gcc/avr/4.3.3/avr5\libgcc.a(_mul_sf.o)
